INFO:     Started server process [33984]
INFO:     Waiting for application startup.
INFO:     index_loaded documents=503
INFO:     Application startup complete.
INFO:     Uvicorn running on http://127.0.0.1:8777 (Press CTRL+C to quit)
INFO:     request_id=88ccb9a7f58548e9bec64d3f475d7447 method=GET path=/health status=200 elapsed_ms=2.249
INFO:     request_id=86d1fa9cddc64e89b56c3f1b836e181d method=GET path=/search status=200 elapsed_ms=134.113
INFO:     request_id=2eaacc97431d464f822e0ca1d41b36c0 method=GET path=/__bench/lag status=200 elapsed_ms=0.709
INFO:     request_id=f43604c13fcc458ea7a57dc10d110e70 method=GET path=/search status=200 elapsed_ms=133.842
INFO:     request_id=fb44eb5701954b60a88678283c0c0d67 method=GET path=/search status=200 elapsed_ms=392.928
INFO:     request_id=cd136f3f60274307abd78d6ef47ea421 method=GET path=/search status=200 elapsed_ms=522.862
INFO:     request_id=f90bcc090ec441778c7ec87021794cec method=GET path=/search status=200 elapsed_ms=523.512
INFO:     request_id=69f87ed801cc431b90ff9bdba8a359c1 method=GET path=/search status=200 elapsed_ms=651.199
INFO:     request_id=47b26ba4e0b640a99d6cd3e95c744c5c method=GET path=/search status=200 elapsed_ms=913.882
INFO:     request_id=df63e73ee5c84489a6f998da1c1beb69 method=GET path=/search status=200 elapsed_ms=920.155
INFO:     request_id=ddadac937185474ea602ecab1321cff3 method=GET path=/search status=200 elapsed_ms=922.727
INFO:     request_id=a5bc90ded6af4fa0957bb1c36df0a17a method=GET path=/search status=200 elapsed_ms=927.331
INFO:     request_id=7d2da2ca6c364dc5b365ba43e621412b method=GET path=/search status=200 elapsed_ms=798.002
INFO:     request_id=b5c485659d304a5da69734cc97cc381c method=GET path=/search status=200 elapsed_ms=933.789
INFO:     request_id=aa19f96383524556afd9a9117010ebdf method=GET path=/search status=200 elapsed_ms=933.728
INFO:     request_id=6cac7fb8d62049559d9533daa56fce77 method=GET path=/search status=200 elapsed_ms=803.271
INFO:     request_id=78fb8d27701742d39ba241e95796d1b5 method=GET path=/search status=200 elapsed_ms=933.747
INFO:     request_id=4ea37685439945ba995ee96a7bd6ee40 method=GET path=/search status=200 elapsed_ms=935.254
INFO:     request_id=70c1fbe9711940e9b32ae04cd9a62924 method=GET path=/search status=200 elapsed_ms=801.766
INFO:     request_id=785bd4d460ea4278bf4c2e15b4f78150 method=GET path=/search status=200 elapsed_ms=945.436
INFO:     request_id=81cf1420102a4544bd148c97539e6e33 method=GET path=/search status=200 elapsed_ms=984.717
INFO:     request_id=710adeec42e849908b2b9ec68446ab58 method=GET path=/search status=200 elapsed_ms=851.509
INFO:     request_id=e0dbd491426e41a9984a25a016e2cae1 method=GET path=/search status=200 elapsed_ms=716.493
INFO:     request_id=1769dfd9af464e25b01c75bb91803a0f method=GET path=/__bench/lag status=200 elapsed_ms=0.395
INFO:     request_id=cb4bb9a2345b4d4eab004ea5aa6bf3da method=GET path=/search status=200 elapsed_ms=810.197
INFO:     request_id=0ab5bd206deb497099983c772432310a method=GET path=/search status=200 elapsed_ms=943.807
INFO:     request_id=efb468322ca64012980abee4ebdfc9da method=GET path=/search status=200 elapsed_ms=1602.009
INFO:     request_id=78ec94b387d7438abc90b3cc2e770543 method=GET path=/search status=200 elapsed_ms=1601.427
INFO:     request_id=1ab6912f91ab4857a16d999bc9f8bc6e method=GET path=/search status=200 elapsed_ms=1601.995
INFO:     request_id=6c328991fb1243db8507421168192ff3 method=GET path=/search status=200 elapsed_ms=1601.820
INFO:     request_id=e47f899f499847e4a75bf652458944f2 method=GET path=/search status=200 elapsed_ms=1735.118
INFO:     request_id=33b2452923c248299046b488dcbd51e6 method=GET path=/search status=200 elapsed_ms=1735.129
INFO:     request_id=14a0b1fc94a24035885c18364b163fb7 method=GET path=/search status=200 elapsed_ms=1735.419
INFO:     request_id=e2286b4e2ab5499aa46919044d9c2ea6 method=GET path=/search status=200 elapsed_ms=1735.528
INFO:     request_id=2aa44bd8a0d54f7fb9fc298f02a9ec3a method=GET path=/search status=200 elapsed_ms=1735.842
INFO:     request_id=623a4a5aee524d8d80313a8817ac9355 method=GET path=/search status=200 elapsed_ms=2000.509
INFO:     request_id=60ca3b4277c24b68b92ece24a65329f4 method=GET path=/search status=200 elapsed_ms=2001.690
INFO:     request_id=7fb0ae36f6034f01a24a952e6d9f32aa method=GET path=/search status=200 elapsed_ms=1867.764
INFO:     request_id=bd6e8b5adfee400c99898c53dac30106 method=GET path=/search status=200 elapsed_ms=1867.834
INFO:     request_id=39dfb999e17a40b99bdaeeeef22145fe method=GET path=/search status=200 elapsed_ms=2003.833
INFO:     request_id=3a2f4dd64b0f4e3c85febfca7a72b4a8 method=GET path=/search status=200 elapsed_ms=1471.592
INFO:     request_id=d1f8b2d51144412b893e1ee0e872759b method=GET path=/search status=200 elapsed_ms=1341.593
INFO:     request_id=b3b2d31eca084b1983942fdf29c7bdb5 method=GET path=/search status=200 elapsed_ms=1339.363
INFO:     request_id=1805a95d4e8b4d76ab8b998baf336323 method=GET path=/search status=200 elapsed_ms=1205.457
INFO:     request_id=0027ac2d4ec24c5bbbc3eb40e8f1d049 method=GET path=/search status=200 elapsed_ms=1205.882
INFO:     request_id=f90d0436da7f4bba94533a25e4d4047d method=GET path=/search status=200 elapsed_ms=1206.336
INFO:     request_id=e773f363aece4cc89232abdda9308d77 method=GET path=/search status=200 elapsed_ms=1861.235
INFO:     request_id=ad2dbe3f29f84d27babbbd948dffed42 method=GET path=/search status=200 elapsed_ms=2379.939
INFO:     request_id=c624cbde7e3d4660931eae8bcbb11b93 method=GET path=/search status=200 elapsed_ms=2380.102
INFO:     request_id=db1f26f3f9cc47f0b35c5f887bbefdf8 method=GET path=/search status=200 elapsed_ms=2380.279
INFO:     request_id=0d670cd911d3476d89c74acf875edf49 method=GET path=/search status=200 elapsed_ms=2515.548
INFO:     request_id=20a740b3b642428ea7f7e74bd5ce4331 method=GET path=/search status=200 elapsed_ms=2516.083
INFO:     request_id=3858fd6ad6244be288abbf17cd1229fb method=GET path=/search status=200 elapsed_ms=2516.185
INFO:     request_id=45387db677d845bfa2155de1a475dac5 method=GET path=/search status=200 elapsed_ms=2521.661
INFO:     request_id=b880c9669dfd4623a8b932f8fed45777 method=GET path=/search status=200 elapsed_ms=2521.943
INFO:     request_id=23d466e2c6de451c8cdc63ddcc133614 method=GET path=/search status=200 elapsed_ms=2522.294
INFO:     request_id=d7ae2f2e86454fd59ece4a9597078ea7 method=GET path=/search status=200 elapsed_ms=2522.898
INFO:     request_id=92a4cd8d49ed4989b6a4ae9c65a95fba method=GET path=/search status=200 elapsed_ms=2523.010
INFO:     request_id=ec220eccca754aa4b2db402874827c96 method=GET path=/search status=200 elapsed_ms=2523.738
INFO:     request_id=0440f5a302844ee4be08c13c1cc5fff7 method=GET path=/search status=200 elapsed_ms=2805.087
INFO:     request_id=eb8cfe9d8be74d75bd5e0c4bda90ab89 method=GET path=/search status=200 elapsed_ms=3066.926
INFO:     request_id=3c845fd7fc1c4a56aa68f1027ee0dec6 method=GET path=/search status=200 elapsed_ms=2936.142
INFO:     request_id=dfb39aba87054334aa5e273b2c96294f method=GET path=/search status=200 elapsed_ms=2936.550
INFO:     request_id=063458f129f347a6a577e68ac439a711 method=GET path=/search status=200 elapsed_ms=2937.136
INFO:     request_id=74b0e89ddc7b448ca60600fc22856f84 method=GET path=/search status=200 elapsed_ms=2933.943
INFO:     request_id=ab9b5ff472c848a8a011e96da245e76e method=GET path=/search status=200 elapsed_ms=2933.860
INFO:     request_id=ca301329f2c14feb901b1a927320a182 method=GET path=/search status=200 elapsed_ms=2405.613
INFO:     request_id=6e29d564bb2b4c288cc1b771d19b3374 method=GET path=/search status=200 elapsed_ms=2406.308
INFO:     request_id=7c9b48463a3640fe8b15f21516b94aff method=GET path=/search status=200 elapsed_ms=1750.816
INFO:     request_id=d55fd4560c034899bdc6bc32a68bc524 method=GET path=/search status=200 elapsed_ms=2270.683
INFO:     request_id=d122f830339c464ebf6e6d6ab3b50405 method=GET path=/search status=200 elapsed_ms=1998.859
INFO:     request_id=573676a536f34e46845296c8fa273179 method=GET path=/search status=200 elapsed_ms=2258.607
INFO:     request_id=6b4bc1fe8f5c49d5b2fd3b2bf9db58c6 method=GET path=/search status=200 elapsed_ms=1972.775
INFO:     request_id=5f430e2245994674836f6f687f26a708 method=GET path=/search status=200 elapsed_ms=1972.576
INFO:     request_id=74fde7b3bace406499bb0151ff9271a2 method=GET path=/search status=200 elapsed_ms=1972.885
INFO:     request_id=7f9336bf94fa421494bf5527f71397b2 method=GET path=/search status=200 elapsed_ms=1973.201
INFO:     request_id=ae71086a9c6c4cc89f60a39debccd7f8 method=GET path=/search status=200 elapsed_ms=2621.654
INFO:     request_id=e7296b538e6641dab517423fbae48e9d method=GET path=/search status=200 elapsed_ms=2622.614
INFO:     request_id=64bec2de0f6440f2a1b3c2ab346d3a53 method=GET path=/search status=200 elapsed_ms=3134.865
INFO:     request_id=3e9847970753480fb019318a48176a5b method=GET path=/search status=200 elapsed_ms=3532.938
INFO:     request_id=283cef38f33e486d9f3cfaa7d5205752 method=GET path=/search status=200 elapsed_ms=3533.229
INFO:     request_id=cad9ff1cebf548e491781f5419b5fd55 method=GET path=/search status=200 elapsed_ms=3533.367
INFO:     request_id=01bf497761d74bb88a05da6a28d27253 method=GET path=/search status=200 elapsed_ms=3533.813
INFO:     request_id=81126a8df5e44cfd8d6f4b26cbf29b95 method=GET path=/search status=200 elapsed_ms=3533.566
INFO:     request_id=9f203862e07247b59990c18a8498c2db method=GET path=/search status=200 elapsed_ms=3534.302
INFO:     request_id=dbf19f43ddf24dd9a75f603e70e6735a method=GET path=/search status=200 elapsed_ms=3275.971
INFO:     request_id=a1756f4b3b794fabb45b0a29186c80a1 method=GET path=/search status=200 elapsed_ms=3275.835
INFO:     request_id=eb6f34aa2d4244fab573ff1f02bbc55a method=GET path=/search status=200 elapsed_ms=3275.969
INFO:     request_id=2ecd6b861d1048ac9ca94ea14c21a1bf method=GET path=/search status=200 elapsed_ms=3276.249
INFO:     request_id=9677cd7077414b83a94958a884f84137 method=GET path=/search status=200 elapsed_ms=3276.514
INFO:     request_id=499b0f2ae68b406bb84415d2032397da method=GET path=/search status=200 elapsed_ms=3276.728
INFO:     request_id=6d6c30b658fe4e439bd55755bde97f65 method=GET path=/search status=200 elapsed_ms=3804.268
INFO:     request_id=2d88ed675c924b08830ab438cd8c9ea3 method=GET path=/search status=200 elapsed_ms=3678.690
INFO:     request_id=79d029010b274e68bf0da462c5b1c351 method=GET path=/search status=200 elapsed_ms=3677.923
INFO:     request_id=fc81133bc6604a009c0c320b3cbcde8a method=GET path=/search status=200 elapsed_ms=3678.249
INFO:     request_id=d110d12dd2094a50b346fb11380a2bcb method=GET path=/search status=200 elapsed_ms=3554.426
INFO:     request_id=c8f7d358c99449ae914d2d7dccb18db9 method=GET path=/search status=200 elapsed_ms=3554.653
INFO:     request_id=e867cd2fc5744e9d988c325e511ede8b method=GET path=/search status=200 elapsed_ms=3554.953
INFO:     request_id=09054642a7fe4043a9e0ca5711cd2901 method=GET path=/search status=200 elapsed_ms=3555.700
INFO:     request_id=079ca43bf1024ee49f37b3fb6c29a623 method=GET path=/search status=200 elapsed_ms=3553.373
INFO:     request_id=3e499286fe894e5484ea2a0f6d617973 method=GET path=/search status=200 elapsed_ms=3553.063
INFO:     request_id=5fc9a975903c4a33ab22109196b44a89 method=GET path=/search status=200 elapsed_ms=3553.522
INFO:     request_id=51b19786e5284d6bbc9c5d1651c0b058 method=GET path=/search status=200 elapsed_ms=3303.119
INFO:     request_id=eaaa1d5fd3894b88ae5c5dbb13f50de3 method=GET path=/search status=200 elapsed_ms=3434.956
INFO:     request_id=f5f148d71a114806ab2400a13bd99338 method=GET path=/search status=200 elapsed_ms=3435.239
INFO:     request_id=dbbd7185dc154c9eb699fbb09833fd48 method=GET path=/search status=200 elapsed_ms=3194.668
INFO:     request_id=b5432ecba61c43e08749ca598eef1687 method=GET path=/search status=200 elapsed_ms=3194.945
INFO:     request_id=b93a46f4fcda4a8681d6b2875dc66e4e method=GET path=/search status=200 elapsed_ms=3195.773
INFO:     request_id=2aa1fa43a39d4f31bf2aa4054928462b method=GET path=/search status=200 elapsed_ms=3185.698
INFO:     request_id=b8edb73d2c3f4825b446dd39248a00fb method=GET path=/search status=200 elapsed_ms=3185.666
INFO:     request_id=aa49355eff7d49c68bc8c34ef195f84d method=GET path=/search status=200 elapsed_ms=3186.721
INFO:     request_id=35e2830dd9c14936bcaff24aed50fbd6 method=GET path=/search status=200 elapsed_ms=2788.871
INFO:     request_id=87d6c6d29abf45eab9af29c243b97612 method=GET path=/search status=200 elapsed_ms=2789.367
INFO:     request_id=39b79640cd3e4bafbd4f4e259d991be9 method=GET path=/search status=200 elapsed_ms=2789.519
INFO:     request_id=3c954190f88c44719548283b4a8bd928 method=GET path=/search status=200 elapsed_ms=2790.508
INFO:     request_id=da93d5810bd64cd9932bcfa37890785c method=GET path=/search status=200 elapsed_ms=2790.123
INFO:     request_id=061dc41cb48142b4880a35abe652fb30 method=GET path=/search status=200 elapsed_ms=3434.071
INFO:     request_id=d9e32ea5d0fb4d0cbe648268454daa84 method=GET path=/search status=200 elapsed_ms=3433.628
INFO:     request_id=af4b9598747b470cb2b76e083d14f944 method=GET path=/search status=200 elapsed_ms=3433.945
INFO:     request_id=d8ce698e8d7a40489be6f1991efea82e method=GET path=/search status=200 elapsed_ms=4080.835
INFO:     request_id=97997f45785c47d4ba4db1d63b6f36a5 method=GET path=/search status=200 elapsed_ms=3952.592
INFO:     request_id=9a1490eae5e342e489fab5b40552f967 method=GET path=/search status=200 elapsed_ms=3952.880
INFO:     request_id=5d1b145cb5e541a4956bbe8f82ff3ed0 method=GET path=/search status=200 elapsed_ms=3953.071
INFO:     request_id=e5d0e3c023d94faca678892ac172278d method=GET path=/search status=200 elapsed_ms=3953.249
INFO:     request_id=d8197c5ccb354c53a121a24406af5128 method=GET path=/search status=200 elapsed_ms=3953.377
INFO:     request_id=6a6442af9d9f4eceb9d71a4e8e36ed42 method=GET path=/search status=200 elapsed_ms=3953.949
INFO:     request_id=eada9e0e24094eebb80bd686362bf627 method=GET path=/search status=200 elapsed_ms=3953.907
INFO:     request_id=32aa0e8ba1cc4eb4b88538ea624edf65 method=GET path=/search status=200 elapsed_ms=3554.466
INFO:     request_id=7f26bf8a5ea541989a681b3a5a3fb6cb method=GET path=/search status=200 elapsed_ms=3553.431
INFO:     request_id=37ede2ff081442b6b1f94a40fad1996d method=GET path=/search status=200 elapsed_ms=3553.541
INFO:     request_id=47d19ed8fa3844c681dc61e1f826de54 method=GET path=/search status=200 elapsed_ms=3553.811
INFO:     request_id=f35413bfdef8416ab26b0a46f55c9cf3 method=GET path=/search status=200 elapsed_ms=3553.940
INFO:     request_id=0209c646aa954c0095c7c61e123e3452 method=GET path=/search status=200 elapsed_ms=3554.106
INFO:     request_id=aee5d25bec0643b6814f174fba99d10d method=GET path=/search status=200 elapsed_ms=3690.416
INFO:     request_id=383f1033ecc044f89552edbd4527599c method=GET path=/search status=200 elapsed_ms=3431.678
INFO:     request_id=fc080f3889c3404b8dcf415fe1931f04 method=GET path=/search status=200 elapsed_ms=2764.333
INFO:     request_id=bb8bff69928640608f42a040a883921d method=GET path=/search status=200 elapsed_ms=2507.118
INFO:     request_id=85e7d7ff52404947aae3d9ecee79ba99 method=GET path=/search status=200 elapsed_ms=1729.831
INFO:     request_id=d1e9e084b3174d598bbb5623fec07fa5 method=GET path=/search status=200 elapsed_ms=948.023
INFO:     request_id=bca64ef171ba4f21b0ab6b2396e889d2 method=GET path=/search status=200 elapsed_ms=814.253
INFO:     request_id=7953875dda6e4bc3824d614bdbafb196 method=GET path=/search status=200 elapsed_ms=675.804
