INFO:     Started server process [9680]
INFO:     Waiting for application startup.
INFO:     index_loaded documents=503
INFO:     Application startup complete.
INFO:     Uvicorn running on http://127.0.0.1:8777 (Press CTRL+C to quit)
INFO:     request_id=2e593190aaa843ab881d40aa932b4232 method=GET path=/health status=200 elapsed_ms=2.267
INFO:     request_id=28caceef514747f8a2eeb8c5ad512e58 method=GET path=/search status=200 elapsed_ms=131.614
INFO:     request_id=22b1f8bfa9e74b38a34d1e5360259750 method=GET path=/__bench/lag status=200 elapsed_ms=1.235
INFO:     request_id=48adc544d88848a8a60a877c27d83012 method=GET path=/search status=200 elapsed_ms=133.478
INFO:     request_id=3be5aa97108d45bdb64552832d19cadd method=GET path=/search status=200 elapsed_ms=1136.395
INFO:     request_id=4c2d593168164c6abafdddd4e3c71429 method=GET path=/search status=200 elapsed_ms=1380.995
INFO:     request_id=8bd10f735a194f65afe5830a56c291f7 method=GET path=/search status=200 elapsed_ms=1379.480
INFO:     request_id=7c43dcfb8eb8422992c6bcc78c9c3e0b method=GET path=/search status=200 elapsed_ms=1395.136
INFO:     request_id=532196c3fa8b4e70b4b8a5f6ebc6e683 method=GET path=/search status=200 elapsed_ms=1563.542
INFO:     request_id=8272b884c75f47d29911f1a19805223d method=GET path=/search status=200 elapsed_ms=1709.848
INFO:     request_id=b60c1f1d38c2415c804ab9f296c2bc2f method=GET path=/search status=200 elapsed_ms=1863.419
INFO:     request_id=b68ea3b3b77b424f8f548a474688fd62 method=GET path=/search status=200 elapsed_ms=1908.291
INFO:     request_id=146900d0086d40dcaf1eed3e04384b9f method=GET path=/search status=200 elapsed_ms=1952.995
INFO:     request_id=536d356e07674131a14be39fe111ca37 method=GET path=/search status=200 elapsed_ms=1907.357
INFO:     request_id=2b2f6fdcd9224189a3f7ccf1e91068b8 method=GET path=/search status=200 elapsed_ms=1860.769
INFO:     request_id=2e8da388d7654368ac5ed6639d9e5ea7 method=GET path=/search status=200 elapsed_ms=1858.123
INFO:     request_id=d5453bfb424a42f8b08fccfdf83ebdeb method=GET path=/search status=200 elapsed_ms=1888.935
INFO:     request_id=7e311f6b94164222a6c1c0a819aec205 method=GET path=/search status=200 elapsed_ms=1587.006
INFO:     request_id=87d6b78287174e1a881c18bc048631f9 method=GET path=/search status=200 elapsed_ms=1482.038
INFO:     request_id=113d61b651614c08883643b1a4e5871b method=GET path=/search status=200 elapsed_ms=1426.389
INFO:     request_id=5ca3feaf093041099ca35e9f9685ddc1 method=GET path=/search status=200 elapsed_ms=1085.482
INFO:     request_id=56dca82cad5747bf81f556be525628d3 method=GET path=/search status=200 elapsed_ms=1285.286
INFO:     request_id=33927c7019444b8a912beb393a5562f8 method=GET path=/search status=200 elapsed_ms=1009.575
INFO:     request_id=07ebec9c0a8943d898d672abf05c60e9 method=GET path=/__bench/lag status=200 elapsed_ms=0.639
INFO:     request_id=59e68234698748b29e90a11218749aa5 method=GET path=/search status=200 elapsed_ms=2146.501
INFO:     request_id=20f86f85f1454eaaaf7e221b86f4623f method=GET path=/search status=200 elapsed_ms=2161.974
INFO:     request_id=658524fad5e34d6b96bdc6324c96a130 method=GET path=/search status=200 elapsed_ms=2267.233
INFO:     request_id=79fa4f0256e342e19e3ca17834522063 method=GET path=/search status=200 elapsed_ms=2282.134
INFO:     request_id=de6ba1432c834a109915a298a02fdd91 method=GET path=/search status=200 elapsed_ms=2296.936
INFO:     request_id=6300a04fa74c4ee4bbe580a685e3937d method=GET path=/search status=200 elapsed_ms=2418.867
INFO:     request_id=8be4d1dc0c574870a0b8b67126d458d8 method=GET path=/search status=200 elapsed_ms=2553.287
INFO:     request_id=578bfb09a8684917b5548026d5d995d3 method=GET path=/search status=200 elapsed_ms=2559.018
INFO:     request_id=1047a71b88df4f17956d1ba2d3ab8f15 method=GET path=/search status=200 elapsed_ms=2616.661
INFO:     request_id=b474000321f84244a0c25feecb1388e5 method=GET path=/search status=200 elapsed_ms=2663.720
INFO:     request_id=914ca6fff2dc4948892f590075bbb071 method=GET path=/search status=200 elapsed_ms=2686.378
INFO:     request_id=7063277282bf4524abff350381dab159 method=GET path=/search status=200 elapsed_ms=2691.856
INFO:     request_id=3cd93f15f01b46b79e4c767abb8a3e3d method=GET path=/search status=200 elapsed_ms=2687.137
INFO:     request_id=c10d189cbea64c6d9fc7abb16f05443e method=GET path=/search status=200 elapsed_ms=2691.520
INFO:     request_id=b513ef4dcb8c4fccb19a2e8b6d9b11ed method=GET path=/search status=200 elapsed_ms=2817.542
INFO:     request_id=36a1cb47fa634482a536070c1b9e71c8 method=GET path=/search status=200 elapsed_ms=2938.549
INFO:     request_id=c55147e7a8204771b3a8b15fcb307da3 method=GET path=/search status=200 elapsed_ms=2964.130
INFO:     request_id=a9b969ab26284f67be3bff797b10b798 method=GET path=/search status=200 elapsed_ms=3184.634
INFO:     request_id=5c36b408fe1d4bb4867245d7bcbf7088 method=GET path=/search status=200 elapsed_ms=2684.927
INFO:     request_id=664c4776ae3f41ddb6f590547b3360b3 method=GET path=/search status=200 elapsed_ms=2825.991
INFO:     request_id=99a96f57fba5436ebecd76c278dab11d method=GET path=/search status=200 elapsed_ms=2935.911
INFO:     request_id=02b4a891eaab4df7b61f5e829b25450b method=GET path=/search status=200 elapsed_ms=2617.538
INFO:     request_id=7ea5f0820f48431ba943d8de43a231f2 method=GET path=/search status=200 elapsed_ms=2451.264
INFO:     request_id=fa8db114042145e5bf6df1f7659e9429 method=GET path=/search status=200 elapsed_ms=2986.578
INFO:     request_id=5c383e6df6a949bc8ae606538c973d89 method=GET path=/search status=200 elapsed_ms=3022.817
INFO:     request_id=d46e76fcaf12416784b796be129961a7 method=GET path=/search status=200 elapsed_ms=3891.280
INFO:     request_id=f8eb485f62a2417c945651a366808191 method=GET path=/search status=200 elapsed_ms=4136.079
INFO:     request_id=68974bf179a644cd9e32b1242ed39e0e method=GET path=/search status=200 elapsed_ms=4012.065
INFO:     request_id=be4762e1e11e40ee97cb06d38eb51a0b method=GET path=/search status=200 elapsed_ms=4012.910
INFO:     request_id=82deaa2ff194466c97d2357867de4e2a method=GET path=/search status=200 elapsed_ms=4012.848
INFO:     request_id=9ca30eda7b7c429c91c863437717a917 method=GET path=/search status=200 elapsed_ms=4155.370
INFO:     request_id=b249cccde9294205a0fbb16be9ef64dc method=GET path=/search status=200 elapsed_ms=4291.592
INFO:     request_id=d85d6ce81baf400a8ba0bcfd4a00de50 method=GET path=/search status=200 elapsed_ms=4307.073
INFO:     request_id=48c908ece8024b47966d970ea251e65d method=GET path=/search status=200 elapsed_ms=4337.794
INFO:     request_id=621f5194a06243f5a7531eb67a249360 method=GET path=/search status=200 elapsed_ms=4257.323
INFO:     request_id=73869d8cd7f44fdfa6b9c1fd6d6e36cc method=GET path=/search status=200 elapsed_ms=4429.453
INFO:     request_id=e7b848ed70fc47e5a3653248b03ad1fc method=GET path=/search status=200 elapsed_ms=4507.460
INFO:     request_id=9965e73c3a934629a16ac7530cee9e27 method=GET path=/search status=200 elapsed_ms=4341.982
INFO:     request_id=6128ea5183ed4a00bef55fb71917a585 method=GET path=/search status=200 elapsed_ms=4271.050
INFO:     request_id=00210059c113444aa0a0907a779eb3f9 method=GET path=/search status=200 elapsed_ms=4469.726
INFO:     request_id=164f7bd211c34d7090b701d37dd61839 method=GET path=/search status=200 elapsed_ms=4501.474
INFO:     request_id=d70591b7f1444eaca837866f06595c04 method=GET path=/search status=200 elapsed_ms=4390.276
INFO:     request_id=e8adda8279e14e04b78d0afdcc6a06fa method=GET path=/search status=200 elapsed_ms=4451.842
INFO:     request_id=209e3d15da6b49a8aa2dab28234e0b65 method=GET path=/search status=200 elapsed_ms=4879.539
INFO:     request_id=676914a43a1f42ddafba5fea16030638 method=GET path=/search status=200 elapsed_ms=4789.147
INFO:     request_id=3eedac5a15664077a3f3e1025c796a3a method=GET path=/search status=200 elapsed_ms=4879.282
INFO:     request_id=3022465e23314415a07b25de758bee16 method=GET path=/search status=200 elapsed_ms=4879.862
INFO:     request_id=0cc4c94fcfd34e2780c1bd29d9f6bd0d method=GET path=/search status=200 elapsed_ms=4900.460
INFO:     request_id=1ed65e2e93754d0cb8580331694c6c2e method=GET path=/search status=200 elapsed_ms=4934.887
INFO:     request_id=40453ab01fe745c3a04839e363452920 method=GET path=/search status=200 elapsed_ms=5055.003
INFO:     request_id=8a0f67d330d049bf926bf39ddb1208dd method=GET path=/search status=200 elapsed_ms=5085.565
INFO:     request_id=f117a12219b045d5b1430ad40c39a452 method=GET path=/search status=200 elapsed_ms=5131.367
INFO:     request_id=0fb7b7bb5149455c8d7e02f9b0f84665 method=GET path=/search status=200 elapsed_ms=4668.082
INFO:     request_id=0020b1a071f44bc9a7fad00e17df2948 method=GET path=/search status=200 elapsed_ms=4893.121
INFO:     request_id=16ba489ec5774a8392b0af81feb5735c method=GET path=/search status=200 elapsed_ms=4984.962
INFO:     request_id=57ecea9c89744717a338eda61aef45bf method=GET path=/search status=200 elapsed_ms=4925.125
INFO:     request_id=d080fd98a6254d13a0dc21f4b21e9755 method=GET path=/search status=200 elapsed_ms=4925.725
INFO:     request_id=02bd6aa661b14248aa234dadf6ecbab9 method=GET path=/search status=200 elapsed_ms=4619.352
INFO:     request_id=1cfd962080a243e69cb889dfdcf06d9d method=GET path=/search status=200 elapsed_ms=4620.939
INFO:     request_id=043b9990c2c149749a3a316d65d73dc3 method=GET path=/search status=200 elapsed_ms=4150.382
INFO:     request_id=0753ab66f52c4917b0803914aa890e05 method=GET path=/search status=200 elapsed_ms=4212.401
INFO:     request_id=29b11700626f481ca31dd5f5a22afb45 method=GET path=/search status=200 elapsed_ms=5010.531
INFO:     request_id=562055aae4fd4ec7902211205c9fbf06 method=GET path=/search status=200 elapsed_ms=5040.498
INFO:     request_id=81daef58d7c14f889a94a63e6942cbcf method=GET path=/search status=200 elapsed_ms=4501.986
INFO:     request_id=40d2689e1d5c4c0ba27d37a66b1d7fa0 method=GET path=/search status=200 elapsed_ms=4532.438
INFO:     request_id=eca062b74f00479b80cee40d300980f4 method=GET path=/search status=200 elapsed_ms=4606.477
INFO:     request_id=c9b4225173b64160a16e3580f37ec4c9 method=GET path=/search status=200 elapsed_ms=4822.042
INFO:     request_id=4b074a8044254294b5aad733b7d7e49f method=GET path=/search status=200 elapsed_ms=5164.188
INFO:     request_id=aff9805978604e9a91f5e657a1f42c80 method=GET path=/search status=200 elapsed_ms=5792.223
INFO:     request_id=7b7696288e62472087e2ac417b833418 method=GET path=/search status=200 elapsed_ms=5659.605
INFO:     request_id=941239a7c6474bab8c1e03218074c250 method=GET path=/search status=200 elapsed_ms=5351.955
INFO:     request_id=81ead8040b9f4fc39d853647b81e647d method=GET path=/search status=200 elapsed_ms=5676.763
INFO:     request_id=34255c22907e46188a38243d7e863f06 method=GET path=/search status=200 elapsed_ms=5397.574
INFO:     request_id=7f5389e04fd548759b1d57ebcc0e49af method=GET path=/search status=200 elapsed_ms=5621.677
INFO:     request_id=527a6f43c4d14b55a08d27d4750c98c0 method=GET path=/search status=200 elapsed_ms=5622.249
INFO:     request_id=7d474643b501458fb051fdd6c0173d27 method=GET path=/search status=200 elapsed_ms=5657.799
INFO:     request_id=47f28bc10aa04e6da7d6785edbea64a2 method=GET path=/search status=200 elapsed_ms=5827.162
INFO:     request_id=322bb8e546c941498b64752aec8a01d7 method=GET path=/search status=200 elapsed_ms=5417.621
INFO:     request_id=535ba1f0e6344d6fa7957dc897277e95 method=GET path=/search status=200 elapsed_ms=5878.867
INFO:     request_id=65f8f718c9a84162956c89b910854ce9 method=GET path=/search status=200 elapsed_ms=5228.522
INFO:     request_id=d5d30be4871542f49c524b7aa8eba101 method=GET path=/search status=200 elapsed_ms=5257.995
INFO:     request_id=beda0943efe24a14938dd85817340ebb method=GET path=/search status=200 elapsed_ms=5381.188
INFO:     request_id=2d03502c14ac4e5994acff4aba5d891c method=GET path=/search status=200 elapsed_ms=5427.216
INFO:     request_id=53737d5dd0d3443495217686774fdbf8 method=GET path=/search status=200 elapsed_ms=5583.309
INFO:     request_id=662ef656a31349f584758e3077df62b0 method=GET path=/search status=200 elapsed_ms=5619.990
INFO:     request_id=ca6e793acd07494c9e7ba8db63dee1f0 method=GET path=/search status=200 elapsed_ms=5584.903
INFO:     request_id=342bd9bf0ab941e7bdf87305ba066f03 method=GET path=/search status=200 elapsed_ms=5621.708
INFO:     request_id=59c7d50dcfc64c25976370cff546e758 method=GET path=/search status=200 elapsed_ms=5194.683
INFO:     request_id=f7fd6766d9704687927d4c921e900a99 method=GET path=/search status=200 elapsed_ms=5195.034
INFO:     request_id=0a69b8f9593d4ce0983d705ce4ffc3a0 method=GET path=/search status=200 elapsed_ms=5588.913
INFO:     request_id=8dce9058ac90448d97e1b1a2c9a2de7c method=GET path=/search status=200 elapsed_ms=5195.572
INFO:     request_id=08c2b58f7b114e628f22805b22420a2f method=GET path=/search status=200 elapsed_ms=5195.835
INFO:     request_id=23bf6500b9fc4699bfe8ecb2eae426bb method=GET path=/search status=200 elapsed_ms=5196.395
INFO:     request_id=7db9627615cd47edbe5932b62b5f6024 method=GET path=/search status=200 elapsed_ms=5102.593
INFO:     request_id=e49a3e8340984643b6ffc9fbceb4a4d1 method=GET path=/search status=200 elapsed_ms=5102.961
INFO:     request_id=7d4346c082b94c39aec11fd9699192e3 method=GET path=/search status=200 elapsed_ms=5103.403
INFO:     request_id=0b1dba2c6a424690bf8d512dd94e3ddc method=GET path=/search status=200 elapsed_ms=5103.511
INFO:     request_id=aff0e22d570142e5a3e5faf355635151 method=GET path=/search status=200 elapsed_ms=5104.466
INFO:     request_id=c0e969074a8f452db83475460adf7b63 method=GET path=/search status=200 elapsed_ms=4601.652
INFO:     request_id=639df6f4a8a346638fe49587306e64dc method=GET path=/search status=200 elapsed_ms=4497.751
INFO:     request_id=ab6dc0d829b74746b77ec66fc36dd7c1 method=GET path=/search status=200 elapsed_ms=4497.933
INFO:     request_id=0eeda4f4f9a2414098cad7fbaa7b9ff5 method=GET path=/search status=200 elapsed_ms=4499.788
INFO:     request_id=63843c5876484a26bf975661db0292d7 method=GET path=/search status=200 elapsed_ms=4498.455
INFO:     request_id=741107eab65f48faba49958d59cc605d method=GET path=/search status=200 elapsed_ms=3484.212
INFO:     request_id=542866b4025e485880277a6ccfec94fa method=GET path=/search status=200 elapsed_ms=3484.416
INFO:     request_id=d5030ad43e614fe8bcdc11a8445d619a method=GET path=/search status=200 elapsed_ms=2839.064
INFO:     request_id=3f3d94e5523f4d2b85d5e4bfee3a2e88 method=GET path=/search status=200 elapsed_ms=2839.198
INFO:     request_id=f9db3ea965b249069a58433af8c05db9 method=GET path=/search status=200 elapsed_ms=2839.370
INFO:     request_id=b41eeeae2db54e5688f49cf99f988e8c method=GET path=/search status=200 elapsed_ms=2839.722
