INFO:     Uvicorn running on http://127.0.0.1:8777 (Press CTRL+C to quit)
INFO:     Started parent process [22664]
INFO:     Started server process [33352]
INFO:     Waiting for application startup.
INFO:     Started server process [37308]
INFO:     Waiting for application startup.
INFO:     Started server process [34456]
INFO:     Waiting for application startup.
INFO:     Started server process [32296]
INFO:     Waiting for application startup.
INFO:     index_loaded documents=503
INFO:     Application startup complete.
INFO:     index_loaded documents=503
INFO:     Application startup complete.
INFO:     index_loaded documents=503
INFO:     Application startup complete.
INFO:     index_loaded documents=503
INFO:     Application startup complete.
INFO:     request_id=39975f270d24486eacaee1213eb5a24a method=GET path=/health status=200 elapsed_ms=2.590
INFO:     request_id=1e97be5fcc6a47f8b006f2267b9c8caa method=GET path=/search status=200 elapsed_ms=502.491
INFO:     request_id=7184a32c5fef4dfdbe73ff570f729020 method=GET path=/search status=200 elapsed_ms=756.704
INFO:     request_id=eff526289a394758817f7fc0b90a879e method=GET path=/search status=200 elapsed_ms=961.352
INFO:     request_id=fade51ded15445fc9ed44d722c8eb724 method=GET path=/search status=200 elapsed_ms=1037.579
INFO:     request_id=ea113e6a68104b2c8c13c40d0007cf0e method=GET path=/search status=200 elapsed_ms=1037.959
INFO:     request_id=f80c8444262b40f5b0080a5a75f5b810 method=GET path=/search status=200 elapsed_ms=1039.548
INFO:     request_id=9384299b7b6f4dad98a5870910ce2fbb method=GET path=/search status=200 elapsed_ms=1046.896
INFO:     request_id=0c9312c68e5f499d8934cf3976ea8d42 method=GET path=/search status=200 elapsed_ms=1050.988
INFO:     request_id=aa3d5e27ca6347689020302a4350f334 method=GET path=/search status=200 elapsed_ms=1047.907
INFO:     request_id=2bbb8eb1628a4dbc8dc17faaf30a2d07 method=GET path=/search status=200 elapsed_ms=1050.120
INFO:     request_id=934da284a2624ecdaa94e278e3561da4 method=GET path=/search status=200 elapsed_ms=1052.593
INFO:     request_id=b082e0d1989e45258393e3ce67c40ee6 method=GET path=/search status=200 elapsed_ms=1129.300
INFO:     request_id=157dd9683bd3459c835fd8c4f5f95bce method=GET path=/search status=200 elapsed_ms=1173.882
INFO:     request_id=741c60c06f4545f7b2f4e8de24f7bd3d method=GET path=/search status=200 elapsed_ms=1200.802
INFO:     request_id=99636e13278c49cca9621622bf5e74a4 method=GET path=/search status=200 elapsed_ms=1205.624
INFO:     request_id=d3a89ff281164a12a4e3cea0adb69427 method=GET path=/search status=200 elapsed_ms=1202.293
INFO:     request_id=25676049666c4602b874f77da03fc3bf method=GET path=/search status=200 elapsed_ms=1340.481
INFO:     request_id=01f98994220445ce8bbe813ddd0e4c43 method=GET path=/search status=200 elapsed_ms=1359.050
INFO:     request_id=05fcaf61320b46e2aff08bc79e55339a method=GET path=/search status=200 elapsed_ms=1474.754
INFO:     request_id=844d508d15a14105b8d166c4e57d6e06 method=GET path=/search status=200 elapsed_ms=1475.264
INFO:     request_id=096a4a2e9d79447c87da29a62799768a method=GET path=/search status=200 elapsed_ms=1474.279
INFO:     request_id=0242c0b0d5b8433a9263d2cf4322b168 method=GET path=/search status=200 elapsed_ms=328.749
INFO:     request_id=e8e01b0c83d84d31a03410a2f9ac76ea method=GET path=/search status=200 elapsed_ms=1576.379
INFO:     request_id=8b4ea892c1634c3d808c8ecaa63cce39 method=GET path=/search status=200 elapsed_ms=1680.682
INFO:     request_id=a84191a2473b4a37b5ae407545b24afc method=GET path=/search status=200 elapsed_ms=1729.334
INFO:     request_id=e835aecd261d499e8e0fd02f4032f2d1 method=GET path=/search status=200 elapsed_ms=719.758
INFO:     request_id=2d4a9a088a764b2eaa8d955b9bacf747 method=GET path=/search status=200 elapsed_ms=1792.413
INFO:     request_id=a7002abd0c1041a0a97cdb1ad0cc7a80 method=GET path=/search status=200 elapsed_ms=754.509
INFO:     request_id=2ba44bfb21f44aa1940bf8723f86c1d8 method=GET path=/search status=200 elapsed_ms=1901.047
INFO:     request_id=842648e164f1484ea1986f3f8171dcae method=GET path=/search status=200 elapsed_ms=847.919
INFO:     request_id=df182939b0f0424c9e88753e496aeb23 method=GET path=/search status=200 elapsed_ms=1859.461
INFO:     request_id=e9654284265d4c8fb25bd698923bd1dc method=GET path=/search status=200 elapsed_ms=1937.985
INFO:     request_id=7db629f52d2a4ea999fbb8f189def490 method=GET path=/search status=200 elapsed_ms=1965.907
INFO:     request_id=4084597be4a445cd8ff41ff203546f16 method=GET path=/search status=200 elapsed_ms=1860.659
INFO:     request_id=08df8e89197b44fba9fcc8f8ae5980b2 method=GET path=/search status=200 elapsed_ms=1861.453
INFO:     request_id=61ff6308d2b94f019d24c0a7e3710e39 method=GET path=/search status=200 elapsed_ms=1861.612
INFO:     request_id=57252068613847158a223b3eeda0ee11 method=GET path=/search status=200 elapsed_ms=1863.586
INFO:     request_id=74d8c3b72e194673a74798b2390886f5 method=GET path=/search status=200 elapsed_ms=1969.267
INFO:     request_id=dbde4cb7b88f41ea91abf11d59c9903d method=GET path=/search status=200 elapsed_ms=1864.395
INFO:     request_id=b8d7c89b5c72412ebeaf7dd1363a5ac3 method=GET path=/search status=200 elapsed_ms=1942.265
INFO:     request_id=1f111f3e063d4264ad65efcab223958a method=GET path=/search status=200 elapsed_ms=1864.708
INFO:     request_id=131e1452afc84f56b0a10a8e61d7ecbc method=GET path=/search status=200 elapsed_ms=1865.110
INFO:     request_id=fd03ce86270c4fc2bed799441e523471 method=GET path=/search status=200 elapsed_ms=1865.604
INFO:     request_id=0db36eed86544f969354f25ed5a0171d method=GET path=/search status=200 elapsed_ms=1931.967
INFO:     request_id=52d5a67af5d74ac09b115aa2396fed67 method=GET path=/search status=200 elapsed_ms=1930.359
INFO:     request_id=60574685e53149c896ee4bc811d4af2c method=GET path=/search status=200 elapsed_ms=1931.934
INFO:     request_id=0d5624c39e6f49ba83e4fd674bb1a195 method=GET path=/search status=200 elapsed_ms=1870.272
INFO:     request_id=1c0b752c06be42db9786fa23a95c44fc method=GET path=/search status=200 elapsed_ms=1871.025
INFO:     request_id=40427da283684cd1b8b1acaa64b84bda method=GET path=/search status=200 elapsed_ms=974.975
INFO:     request_id=71afc7001b904d1bad924649225ecae4 method=GET path=/search status=200 elapsed_ms=901.391
INFO:     request_id=78c05919a2b946679123ff49babe3aa8 method=GET path=/search status=200 elapsed_ms=2165.140
INFO:     request_id=d5ebe1f1f4084041946f8adaa809852c method=GET path=/search status=200 elapsed_ms=1158.144
INFO:     request_id=01f71a9d84754df4b3a50e0ceca6ee1f method=GET path=/search status=200 elapsed_ms=862.299
INFO:     request_id=b3a1afc0fd744dd8ae763a75c6509735 method=GET path=/search status=200 elapsed_ms=1171.577
INFO:     request_id=41384100d4624af884df2c13f1a9410e method=GET path=/search status=200 elapsed_ms=1172.079
INFO:     request_id=d8204af7fadc42fda68e0f101b0fa374 method=GET path=/search status=200 elapsed_ms=2281.048
INFO:     request_id=9e3b1be5bea843cc9f169eda5ab6ffe4 method=GET path=/search status=200 elapsed_ms=2296.025
INFO:     request_id=2bbd5a57f028479bbe830fb083c502e2 method=GET path=/search status=200 elapsed_ms=2425.109
INFO:     request_id=8a3151369f034affb25121fc5add184e method=GET path=/search status=200 elapsed_ms=941.819
INFO:     request_id=631e555f9ed54bd0a1b9ab83d5a850a3 method=GET path=/search status=200 elapsed_ms=2549.179
INFO:     request_id=de98188e11224947ba2e381f32e1c27d method=GET path=/search status=200 elapsed_ms=764.001
INFO:     request_id=ffa273578819459c91171883ceaa2a7a method=GET path=/search status=200 elapsed_ms=852.672
INFO:     request_id=8d1d574395b04b959009c36600ce82a4 method=GET path=/search status=200 elapsed_ms=754.939
INFO:     request_id=21bec42f7c424389abb67318127ac6f9 method=GET path=/search status=200 elapsed_ms=1141.373
INFO:     request_id=4d31577191e24a1f96c4ba549df40140 method=GET path=/search status=200 elapsed_ms=911.593
INFO:     request_id=6d4ca624cd7544d19a95fc9a8d46f247 method=GET path=/search status=200 elapsed_ms=752.543
INFO:     request_id=6bf37991377043c5aee20af79474f8ff method=GET path=/search status=200 elapsed_ms=2928.137
INFO:     request_id=b38285f22f4c46ada4f9129bfc1351f8 method=GET path=/search status=200 elapsed_ms=1434.121
INFO:     request_id=7bdf1c1a010b4421a458e9d506dfe287 method=GET path=/search status=200 elapsed_ms=1046.994
INFO:     request_id=5a51f213e0b84fb289f007ff4ce966e2 method=GET path=/search status=200 elapsed_ms=1047.958
INFO:     request_id=e66ac9427bfc4df5b72548632e45f92a method=GET path=/search status=200 elapsed_ms=602.026
INFO:     request_id=22f3c745cb504d6cbe1a74ecc1e99578 method=GET path=/search status=200 elapsed_ms=770.831
INFO:     request_id=4eadde4305184f63a8880938656e892b method=GET path=/search status=200 elapsed_ms=619.239
INFO:     request_id=9f8ccfb2f7e94829b8bf7ed24278cdbc method=GET path=/search status=200 elapsed_ms=1500.822
INFO:     request_id=44b87d9f2e714136ae0d388222beff8b method=GET path=/search status=200 elapsed_ms=1501.115
INFO:     request_id=91c2cd1713cb48c49b490f51ccf5da53 method=GET path=/search status=200 elapsed_ms=759.088
INFO:     request_id=c5772007f083497783e05237b9de051a method=GET path=/search status=200 elapsed_ms=1550.528
INFO:     request_id=e30d885c0fa94f99b675bc677969e0cb method=GET path=/search status=200 elapsed_ms=1667.762
INFO:     request_id=2ac8efcd73e04e709951143b6107f992 method=GET path=/search status=200 elapsed_ms=811.089
INFO:     request_id=22c04d90d6d846aa9f033573dc58150b method=GET path=/search status=200 elapsed_ms=2238.109
INFO:     request_id=abd1143c2b5a461da97bd9f5fc8cdcf6 method=GET path=/search status=200 elapsed_ms=1639.366
INFO:     request_id=2022937fd4464a5d87c403e3c5167e5d method=GET path=/search status=200 elapsed_ms=168.832
INFO:     request_id=a5b353bc6820459fa2b83f7fcc27586b method=GET path=/search status=200 elapsed_ms=1751.405
INFO:     request_id=26f6c85175514ade9ce5a8abfd692e23 method=GET path=/search status=200 elapsed_ms=1753.493
INFO:     request_id=abe76c18f7f646caabdc835bbdff7636 method=GET path=/search status=200 elapsed_ms=586.386
INFO:     request_id=322d1bb184c241f394c4adde05ad10f3 method=GET path=/search status=200 elapsed_ms=753.241
INFO:     request_id=44f80a47860b412ba2c7b4a557261313 method=GET path=/search status=200 elapsed_ms=1139.347
INFO:     request_id=a2a7cc95585c488596d72f48f880a624 method=GET path=/search status=200 elapsed_ms=1500.270
INFO:     request_id=0d5feb3fb1a04aa9a503be2ef171bb42 method=GET path=/search status=200 elapsed_ms=1244.693
INFO:     request_id=f2dd22e4308644b7bf14c35904a11fcf method=GET path=/search status=200 elapsed_ms=890.863
INFO:     request_id=08f242ce7b474f529e1b9e687eda9f2c method=GET path=/search status=200 elapsed_ms=966.671
INFO:     request_id=a7b037aa9d544705956c907709ab57c1 method=GET path=/search status=200 elapsed_ms=1627.787
INFO:     request_id=c55fd7a6b0464ae49cf2da89e8c3710b method=GET path=/search status=200 elapsed_ms=1674.014
INFO:     request_id=4ab66834556744eebb1ac412bb63d959 method=GET path=/search status=200 elapsed_ms=1091.157
INFO:     request_id=2c79085b3dbb410d8bd0ed8b1ea12eb9 method=GET path=/search status=200 elapsed_ms=1722.016
INFO:     request_id=6d3e6ad67a484744b67e54bbcd3e0b43 method=GET path=/search status=200 elapsed_ms=1752.259
INFO:     request_id=7aff036f03354ae291c2e2094a04e5ab method=GET path=/search status=200 elapsed_ms=613.651
INFO:     request_id=978ab8a325444531a88b423ed8f9d970 method=GET path=/search status=200 elapsed_ms=1836.706
INFO:     request_id=75f3b5f9743648799400dc4c745fa5a3 method=GET path=/search status=200 elapsed_ms=1843.735
INFO:     request_id=3f47867139b3431da3c7b182e673004b method=GET path=/search status=200 elapsed_ms=635.497
INFO:     request_id=6db1053401084356b7d6cda7910167a2 method=GET path=/search status=200 elapsed_ms=1787.851
INFO:     request_id=36f13ab3b6fc4d3ebafc2893d4d9d52f method=GET path=/search status=200 elapsed_ms=1866.898
INFO:     request_id=19c11b14cc1a45c4b2a82cf10e999235 method=GET path=/search status=200 elapsed_ms=1772.093
INFO:     request_id=0f8f3f74b2f94d3fbfa83f777feaf2db method=GET path=/search status=200 elapsed_ms=1833.811
INFO:     request_id=d28b7a383516433bb240e9d0bfa72080 method=GET path=/search status=200 elapsed_ms=709.845
INFO:     request_id=1ccbc17003b24c1796fe0d6b0150e50a method=GET path=/search status=200 elapsed_ms=1910.384
INFO:     request_id=ac4b5b378f3c49cab4fb2a4f66219e63 method=GET path=/search status=200 elapsed_ms=804.627
INFO:     request_id=106ce4941d23438abedda2ae79dff0e1 method=GET path=/search status=200 elapsed_ms=804.931
INFO:     request_id=10534de8fa9245ac91387d946deeed19 method=GET path=/search status=200 elapsed_ms=1961.465
INFO:     request_id=696908338b8244eb9e013fdc6a48625d method=GET path=/search status=200 elapsed_ms=1957.206
INFO:     request_id=8996f2b6b0cf40e494ca1aa6a7cf5f50 method=GET path=/search status=200 elapsed_ms=1957.470
INFO:     request_id=58ec3069266841fd944ff9c2a92759e8 method=GET path=/search status=200 elapsed_ms=1916.319
INFO:     request_id=1d12a7581ef34e57b16e95077cee42a2 method=GET path=/search status=200 elapsed_ms=1961.571
INFO:     request_id=49bb05dba20841d2a96fd3c2fdfcd3f0 method=GET path=/search status=200 elapsed_ms=952.000
INFO:     request_id=f3d59a6a2764464eb534b6b867b23c48 method=GET path=/search status=200 elapsed_ms=1047.001
INFO:     request_id=d8a3aa8483454f29a2332b57dc91a0e4 method=GET path=/search status=200 elapsed_ms=805.761
INFO:     request_id=f70b39c5222341b5a04b9342a4eba0da method=GET path=/search status=200 elapsed_ms=1046.877
INFO:     request_id=d0ce10c99bcb4c70b47b5475d3a5a685 method=GET path=/search status=200 elapsed_ms=933.227
INFO:     request_id=1814c312f2a340f58c7e999176af6df6 method=GET path=/search status=200 elapsed_ms=954.108
INFO:     request_id=7a3c53dcb9ed4a0f91acc35a074d3a54 method=GET path=/search status=200 elapsed_ms=1039.489
INFO:     request_id=cc2df58b1859494ca60e9486dfb17b67 method=GET path=/search status=200 elapsed_ms=988.519
INFO:     request_id=0d9f207f827f4e1aba760a2ffa47b37d method=GET path=/search status=200 elapsed_ms=1001.056
INFO:     request_id=35ac37ec1dd042a6ad569cd59f6df7e6 method=GET path=/search status=200 elapsed_ms=1110.184
INFO:     request_id=26bec9888b924745a920047eed8b7ae4 method=GET path=/search status=200 elapsed_ms=1157.508
INFO:     request_id=b3042e731e894d91a4ccf81c3f12777d method=GET path=/search status=200 elapsed_ms=1261.532
INFO:     request_id=19615c361a1442cc8b225b18c34c05ed method=GET path=/search status=200 elapsed_ms=1524.005
INFO:     request_id=b678fdb71a2449c985e0623ef2dd23b7 method=GET path=/search status=200 elapsed_ms=460.602
INFO:     request_id=6c82ed2c9a9549daa0ad2911190e2caf method=GET path=/search status=200 elapsed_ms=1659.539
INFO:     request_id=31d6e4e21810474888b6fbc38cd1c096 method=GET path=/search status=200 elapsed_ms=803.383
INFO:     request_id=95b73d112c144bc691b6e89d33e08bb6 method=GET path=/search status=200 elapsed_ms=2638.447
INFO:     request_id=c0513b1c1fe9469da702a0c4750d4333 method=GET path=/search status=200 elapsed_ms=653.363
INFO:     request_id=166a8aa6c7f1498d811e568537dc9927 method=GET path=/search status=200 elapsed_ms=3259.529
INFO:     request_id=b05621b0f90249b083bcf4a19d16b6af method=GET path=/search status=200 elapsed_ms=1612.420
INFO:     request_id=1245923e945f4a5f84d6c786b14e59d5 method=GET path=/search status=200 elapsed_ms=970.724
INFO:     request_id=05c7b1e3bfd34990b787532fed4c6d1a method=GET path=/search status=200 elapsed_ms=1537.757
INFO:     request_id=b5e27d214dd04bd684b73edf33e27fcb method=GET path=/search status=200 elapsed_ms=764.095
INFO:     request_id=5528e5002e3b4113a45aef7708f026b7 method=GET path=/search status=200 elapsed_ms=1017.859
INFO:     request_id=aec26f87468c4eba83d09128d78934f4 method=GET path=/search status=200 elapsed_ms=1997.815
INFO:     request_id=fac614fc17f34246bab024057b4486d3 method=GET path=/search status=200 elapsed_ms=1690.346
INFO:     request_id=ecc61e7628e042a482f0f7a4469b84d6 method=GET path=/search status=200 elapsed_ms=781.411
INFO:     request_id=d30162e800be4f12a07d4e24b38c6b62 method=GET path=/search status=200 elapsed_ms=1722.758
INFO:     request_id=e7eb8352f0ee4c56a876eddf7615fa7c method=GET path=/search status=200 elapsed_ms=1751.363
INFO:     request_id=dc1e4597b4114806b09d3aa0f2208a00 method=GET path=/search status=200 elapsed_ms=2121.084
INFO:     request_id=b08f585569f949769ed713c4a15b5f64 method=GET path=/search status=200 elapsed_ms=904.606
INFO:     request_id=afbdfbf4fcb04a6fb1802571b06ecf96 method=GET path=/search status=200 elapsed_ms=1104.842
INFO:     request_id=d20609f137044e0eae148f4bb223e97c method=GET path=/search status=200 elapsed_ms=1815.727
INFO:     request_id=c1216f70b235416ab9a72ea3a07e5816 method=GET path=/search status=200 elapsed_ms=900.302
INFO:     request_id=7b3441674b3241509bc1d4e7572e8a3e method=GET path=/search status=200 elapsed_ms=792.814
INFO:     request_id=5dae0a56c99742d1af07bbbb74f3430e method=GET path=/search status=200 elapsed_ms=1007.922
INFO:     request_id=39f1ccccb47c4628982cbdb8c4962498 method=GET path=/search status=200 elapsed_ms=1285.199
INFO:     request_id=22b5ad9b68a14c8abc9fb498c4301ec7 method=GET path=/search status=200 elapsed_ms=1238.984
INFO:     request_id=1eb37bd49791424ca09fb93247ec1320 method=GET path=/search status=200 elapsed_ms=660.743
INFO:     request_id=9529ad58203644bb960de01885003c04 method=GET path=/search status=200 elapsed_ms=1765.136
INFO:     request_id=c2018977bf174584aeb23f72d761522e method=GET path=/search status=200 elapsed_ms=534.094
INFO:     request_id=ba6c98871bbb4c33828a84b964323e0a method=GET path=/search status=200 elapsed_ms=1210.537
INFO:     request_id=77a8b84cdd7b461287310891ba30884e method=GET path=/search status=200 elapsed_ms=1397.011
INFO:     request_id=e65c916ef92f414eb4bc0ce250b7ce82 method=GET path=/search status=200 elapsed_ms=1887.398
INFO:     request_id=844e170bcfed46468c8ea3ec43167e25 method=GET path=/search status=200 elapsed_ms=734.834
INFO:     request_id=11015da0b8e14d25993c35e22fe7f8da method=GET path=/search status=200 elapsed_ms=1010.058
INFO:     request_id=265d8a512341405baf456476ef62ee9c method=GET path=/search status=200 elapsed_ms=978.864
INFO:     request_id=d1ebaebf27ef42f3a51e944810fc3085 method=GET path=/search status=200 elapsed_ms=1578.372
INFO:     request_id=51e5cbae898c4c8bbd83bc2d353e32a2 method=GET path=/search status=200 elapsed_ms=797.279
INFO:     request_id=d47ec0f9411545a288fbd11bcbd0c7a2 method=GET path=/search status=200 elapsed_ms=782.203
INFO:     request_id=bcff7b42d7af46ba8eb8fcd48443bd99 method=GET path=/search status=200 elapsed_ms=702.391
INFO:     request_id=f56037e0009e447bac17992da4e5dfe2 method=GET path=/search status=200 elapsed_ms=988.856
INFO:     request_id=fea5b6b493ed4f2db49cd9ea5115f731 method=GET path=/search status=200 elapsed_ms=647.329
INFO:     request_id=d737a42ae02d42ce83201918e977d33d method=GET path=/search status=200 elapsed_ms=627.424
INFO:     request_id=8acb2ef7987f4062b69a48de49f348bd method=GET path=/search status=200 elapsed_ms=2013.292
INFO:     request_id=748d2f2ad0d944b6b87470c8debbad33 method=GET path=/search status=200 elapsed_ms=1893.706
INFO:     request_id=4d07c2e1deaa4aac82629b2608b29b21 method=GET path=/search status=200 elapsed_ms=1910.105
INFO:     request_id=6c07f4abcef545c6b0d84860cbce6d73 method=GET path=/search status=200 elapsed_ms=1618.073
INFO:     request_id=23127b6d2db94559b759629c5a4ffcdf method=GET path=/search status=200 elapsed_ms=905.956
INFO:     request_id=9599e343395543eb8c1c3bfb0403089d method=GET path=/search status=200 elapsed_ms=1708.895
INFO:     request_id=6d579259141a414683f5e3b711b29b64 method=GET path=/search status=200 elapsed_ms=795.488
INFO:     request_id=6dc5b29125644ff2aca378256a90dc09 method=GET path=/search status=200 elapsed_ms=1756.074
INFO:     request_id=107205f536734440a2e37526b0459565 method=GET path=/search status=200 elapsed_ms=1916.616
INFO:     request_id=7b52dde094f340e8a435d9653b4150f3 method=GET path=/search status=200 elapsed_ms=1786.286
INFO:     request_id=6066dda14c10439c92a4ea98da22d101 method=GET path=/search status=200 elapsed_ms=815.113
INFO:     request_id=fd4cf7762fa64139858065ecbd64bf50 method=GET path=/search status=200 elapsed_ms=1935.423
INFO:     request_id=ffe1c3d035094cac8ef3f0c43cd54ec1 method=GET path=/search status=200 elapsed_ms=1817.298
INFO:     request_id=3e873e34d54c4e949a508895457eb8e7 method=GET path=/search status=200 elapsed_ms=754.512
INFO:     request_id=22e422fea832485eb3f637f7a7fbde6b method=GET path=/search status=200 elapsed_ms=799.817
INFO:     request_id=196f0f8002cd440ebb50bf78505fdf4b method=GET path=/search status=200 elapsed_ms=1228.289
INFO:     request_id=fc2be943844c435e9fd96ae3e175d385 method=GET path=/search status=200 elapsed_ms=1924.451
INFO:     request_id=be1c28679c83412994d459e3a97d5b29 method=GET path=/search status=200 elapsed_ms=1121.420
INFO:     request_id=ec40172baa144a628d9a013e22cf5651 method=GET path=/search status=200 elapsed_ms=1026.118
INFO:     request_id=0773997bf8cb4962b49855393547c2ed method=GET path=/search status=200 elapsed_ms=1152.788
INFO:     request_id=ed062d7dbbb44666b53f4cc5c2e9518d method=GET path=/search status=200 elapsed_ms=1318.882
INFO:     request_id=b051d85f710e43228fa6346f0369c2d0 method=GET path=/search status=200 elapsed_ms=444.711
INFO:     request_id=b743698649de41e38876df0cd2621652 method=GET path=/search status=200 elapsed_ms=1148.944
INFO:     request_id=c1817b62601d4c1fb252b61ee2b227e2 method=GET path=/search status=200 elapsed_ms=1396.061
INFO:     request_id=3298420ccfaf49af87b730e4ca67f720 method=GET path=/search status=200 elapsed_ms=2654.254
INFO:     request_id=bf407bdba8fa4cefacf44688ebccd5c0 method=GET path=/search status=200 elapsed_ms=628.824
INFO:     request_id=c674e7b8b3cb4c3d801ce7bed3673871 method=GET path=/search status=200 elapsed_ms=3273.191
INFO:     request_id=1206451836964b9dba6ef80b3155f0e5 method=GET path=/search status=200 elapsed_ms=2548.619
INFO:     request_id=d15a152b88c24bef8c75c83683d4709e method=GET path=/search status=200 elapsed_ms=2998.013
INFO:     request_id=37f1b2d2ca46459599a127a4385e181e method=GET path=/search status=200 elapsed_ms=1729.468
INFO:     request_id=32a58e497bf543bc8911e395a12c7d3b method=GET path=/search status=200 elapsed_ms=1031.039
INFO:     request_id=8ca022ed49894f0a95d3222c7e0d8475 method=GET path=/search status=200 elapsed_ms=1216.873
INFO:     request_id=9a931c125d6c479ab7ce830e0aa55a11 method=GET path=/search status=200 elapsed_ms=2134.120
INFO:     request_id=ae3e62dd55434715bba00c6788b83218 method=GET path=/search status=200 elapsed_ms=1613.976
INFO:     request_id=82542dff7ef542b38de19d7c20a91224 method=GET path=/search status=200 elapsed_ms=1093.613
INFO:     request_id=0108e7ce7cbf4772b5dfbbe8fc528a2a method=GET path=/search status=200 elapsed_ms=1860.501
INFO:     request_id=efa0efe0837b4fd9a6efde05431675e6 method=GET path=/search status=200 elapsed_ms=1025.386
INFO:     request_id=124d1d2defc84f72ac28ec980f2fb763 method=GET path=/search status=200 elapsed_ms=886.951
INFO:     request_id=967e999b8934401ea2e7bc2b65f3995b method=GET path=/search status=200 elapsed_ms=1670.553
INFO:     request_id=b3fd2cd79fe748289affe8952fd4e66b method=GET path=/search status=200 elapsed_ms=1975.872
INFO:     request_id=28d980ea755c4ad59ee305c227d0eb42 method=GET path=/search status=200 elapsed_ms=1086.696
INFO:     request_id=5da2fe6254674362901401260fbae368 method=GET path=/search status=200 elapsed_ms=1392.587
INFO:     request_id=a876b5d056544cfb9e666a62df740997 method=GET path=/search status=200 elapsed_ms=1732.726
INFO:     request_id=a6b5797242504be3955b7758283e3ff8 method=GET path=/search status=200 elapsed_ms=1423.212
INFO:     request_id=4dc907cf31bb4f1c97d7bf9242394681 method=GET path=/search status=200 elapsed_ms=1024.052
INFO:     request_id=57276f6fea3a4a7d81a372e5f2b36aa0 method=GET path=/search status=200 elapsed_ms=497.213
INFO:     request_id=ad2f18436f9f4bd69a4d1e4115595da3 method=GET path=/search status=200 elapsed_ms=1267.708
INFO:     request_id=30dd6d812d974c24b9777ba80db8d146 method=GET path=/search status=200 elapsed_ms=1023.759
INFO:     request_id=e635a146e2764008946bc6410de7df91 method=GET path=/search status=200 elapsed_ms=1269.618
INFO:     request_id=f9ce305b41ab48f2bf58a8e61d3c87f2 method=GET path=/search status=200 elapsed_ms=933.862
INFO:     request_id=2d2e7bd8761e4f74abe66554cff66632 method=GET path=/search status=200 elapsed_ms=765.606
INFO:     request_id=a925b43c5ec94b06ba53a8c88d287177 method=GET path=/search status=200 elapsed_ms=563.675
INFO:     request_id=592bb046288b4cb7a856151de87197f9 method=GET path=/search status=200 elapsed_ms=2320.895
INFO:     request_id=9e313367895c487fbc408c7b61f1fa8e method=GET path=/search status=200 elapsed_ms=2716.674
INFO:     request_id=308839cee150434a9721c07c723bfc2b method=GET path=/search status=200 elapsed_ms=1013.942
INFO:     request_id=628289ae167744baa0aa00361f0f07d2 method=GET path=/search status=200 elapsed_ms=1734.336
INFO:     request_id=c586648f87bb463a87b8289311de1af2 method=GET path=/search status=200 elapsed_ms=1027.230
INFO:     request_id=3791526b9df64078a2e1c00c433472e9 method=GET path=/search status=200 elapsed_ms=1350.653
INFO:     request_id=f6dbcbda6a0d41a48514491934386f91 method=GET path=/search status=200 elapsed_ms=770.132
INFO:     request_id=31c41c5f0fac4504aeb9b441a68f2bed method=GET path=/search status=200 elapsed_ms=568.741
INFO:     request_id=3a56aad48c744aefa5d9610ac8d94f21 method=GET path=/search status=200 elapsed_ms=1842.578
INFO:     request_id=0c36bc7d720b40318066a79be848237b method=GET path=/search status=200 elapsed_ms=1892.656
INFO:     request_id=9708928750ce4129b366703b1e616989 method=GET path=/search status=200 elapsed_ms=1221.652
INFO:     request_id=315928834d3c4ca39580def782826a61 method=GET path=/search status=200 elapsed_ms=725.747
INFO:     request_id=132cbb500d6042838b010645e7deefc1 method=GET path=/search status=200 elapsed_ms=1686.103
INFO:     request_id=b404dd22dfec428c80e4a6a4dfcb8123 method=GET path=/search status=200 elapsed_ms=1564.058
INFO:     request_id=4711e07757044742a7d562752219cd3e method=GET path=/search status=200 elapsed_ms=1718.006
INFO:     request_id=ae4a2f27d92c4320867f01832629539b method=GET path=/search status=200 elapsed_ms=1520.805
INFO:     request_id=27b8f7ccaa6542e5ba0c59b096816bb6 method=GET path=/search status=200 elapsed_ms=1859.501
INFO:     request_id=b403caf54fe24fbb96445bb1f3af82b7 method=GET path=/search status=200 elapsed_ms=1484.872
INFO:     request_id=ba6abf3f3aa14798841396d5391e520e method=GET path=/search status=200 elapsed_ms=1270.950
INFO:     request_id=86b75b0bc5da4957bae5e7ed215ea4bf method=GET path=/search status=200 elapsed_ms=1253.627
INFO:     request_id=5b66480bf62c45e5a25046a81a0e032c method=GET path=/search status=200 elapsed_ms=860.529
INFO:     request_id=e5a1ef718d004385b8478dcfd86a3bc7 method=GET path=/search status=200 elapsed_ms=692.882
INFO:     request_id=50cbaa8065ab46eb92371929d2735002 method=GET path=/search status=200 elapsed_ms=1747.540
INFO:     request_id=38b7f748072e485d952f8077ae8fd1c2 method=GET path=/search status=200 elapsed_ms=984.125
INFO:     request_id=0f4f37ea4a1a490b961ec123e44c5e65 method=GET path=/search status=200 elapsed_ms=1690.851
INFO:     request_id=74f558512d9e48a9811446893922c62a method=GET path=/search status=200 elapsed_ms=1814.929
INFO:     request_id=17adebcb6a7a4b9994a389d9081feb91 method=GET path=/search status=200 elapsed_ms=2490.944
INFO:     request_id=32eb80306b3047fc9fd7043dccc1bb65 method=GET path=/search status=200 elapsed_ms=871.644
INFO:     request_id=14c87ec30be04134bde9195cb8c1c170 method=GET path=/search status=200 elapsed_ms=888.570
INFO:     request_id=ddb35e4322ab445ca3da7fa0118f3f63 method=GET path=/search status=200 elapsed_ms=1638.129
INFO:     request_id=8a9c98d8d88142408c938bff01b5a2bd method=GET path=/search status=200 elapsed_ms=1933.556
INFO:     request_id=5261a35bb5d240a78594f4d665b65e9e method=GET path=/search status=200 elapsed_ms=1934.209
INFO:     request_id=858aadff26a541f3b0393c28e5db2fc2 method=GET path=/search status=200 elapsed_ms=1698.774
INFO:     request_id=c92bd59d41aa4668902af62749c9dfc2 method=GET path=/search status=200 elapsed_ms=1104.182
INFO:     request_id=9d7fee2930fa4cad839269cc6db08afd method=GET path=/search status=200 elapsed_ms=1575.316
INFO:     request_id=25a9b81d793047a8a7aa2aee3363a64e method=GET path=/search status=200 elapsed_ms=2271.471
INFO:     request_id=f79e3c9971eb423d801222a4019c6793 method=GET path=/search status=200 elapsed_ms=1108.207
INFO:     request_id=cb681f2bb60d4ac8a03266b49f8eb13b method=GET path=/search status=200 elapsed_ms=1181.619
INFO:     request_id=ee72f48986dd46b391daaa25f7f358bc method=GET path=/search status=200 elapsed_ms=537.049
INFO:     request_id=655ba5ddbf97429d8c850c063711c02d method=GET path=/search status=200 elapsed_ms=1734.387
INFO:     request_id=e9debade3c42437d9355d6815dddf3e1 method=GET path=/search status=200 elapsed_ms=1368.413
INFO:     request_id=094835945d284f5e92b767582e542c72 method=GET path=/search status=200 elapsed_ms=1013.549
INFO:     request_id=c4fee83ccd664d1884a8a9a076135372 method=GET path=/search status=200 elapsed_ms=571.000
INFO:     request_id=7bc1ed1a5b1c4bbea8059272395e9f0e method=GET path=/search status=200 elapsed_ms=1793.294
INFO:     request_id=c57cf52c4db9404aa9e12f65517d74ab method=GET path=/search status=200 elapsed_ms=2256.699
INFO:     request_id=0d8cef0bdd5d411d95dea7bfa4254834 method=GET path=/search status=200 elapsed_ms=2086.747
INFO:     request_id=7036f20c269b4ef897ec43ab91b28331 method=GET path=/search status=200 elapsed_ms=738.100
INFO:     request_id=2763f002ed1a42e1bf5c4b4c3ce4084c method=GET path=/search status=200 elapsed_ms=1800.071
INFO:     request_id=4385258808d54401a4ba1e640c5f1bcf method=GET path=/search status=200 elapsed_ms=829.786
INFO:     request_id=304aa77f4e074ecdb69f43f82693054e method=GET path=/search status=200 elapsed_ms=859.064
INFO:     request_id=e550cc0374874d278d046344e6fe67c7 method=GET path=/search status=200 elapsed_ms=1227.420
INFO:     request_id=1c0b25793eaa48ff9ca0e4239983d31b method=GET path=/search status=200 elapsed_ms=1320.189
INFO:     request_id=e27ced6239754f5c87c3d8fc89fa031e method=GET path=/search status=200 elapsed_ms=645.574
INFO:     request_id=a9656439b31b4dd8a1fac2477dbf4129 method=GET path=/search status=200 elapsed_ms=2023.628
INFO:     request_id=cec98c383fc143c49a44069adc845e46 method=GET path=/search status=200 elapsed_ms=1854.417
INFO:     request_id=d2f4893e5ded47a59da2c8e9abd0a0f6 method=GET path=/search status=200 elapsed_ms=874.122
INFO:     request_id=5d19c0a2b1b1414885861b57c590f4d6 method=GET path=/search status=200 elapsed_ms=1008.764
INFO:     request_id=68233da5b6ef4c68b9eec095677b2473 method=GET path=/search status=200 elapsed_ms=1038.987
INFO:     request_id=35dd2744b4544186aaf2aea1751f4d54 method=GET path=/search status=200 elapsed_ms=920.018
INFO:     request_id=602dafb1aa1c4366a1fb61bb74d4f208 method=GET path=/search status=200 elapsed_ms=920.509
INFO:     request_id=a527484661424b8d9a1f77279036cf6a method=GET path=/search status=200 elapsed_ms=1208.290
INFO:     request_id=6f342d0bccfe4f20a38e2734622d57b9 method=GET path=/search status=200 elapsed_ms=2240.346
INFO:     request_id=d4a8b9f346be4e229b22a5e3049f69f2 method=GET path=/search status=200 elapsed_ms=1116.835
INFO:     request_id=b037ff18b24b4df2966330bd76ec797a method=GET path=/search status=200 elapsed_ms=1011.299
INFO:     request_id=2805a327234f42bd8a14a908ed3cb0f7 method=GET path=/search status=200 elapsed_ms=642.146
INFO:     request_id=e74ec3ec523d4ef4ac763a858d2b11e1 method=GET path=/search status=200 elapsed_ms=1050.432
INFO:     request_id=a35236bdd0b047e0b946c4070c055db8 method=GET path=/search status=200 elapsed_ms=579.392
INFO:     request_id=1656fed48eef4c34ae9d7671d1fd14e4 method=GET path=/search status=200 elapsed_ms=827.804
INFO:     request_id=30953cadc18a4ca88736fd6745078543 method=GET path=/search status=200 elapsed_ms=951.454
INFO:     request_id=14bd7005d6f649e08c20881779bcb58e method=GET path=/search status=200 elapsed_ms=1292.188
INFO:     request_id=eb89cf672ace436bb6dc92033abe0c9a method=GET path=/search status=200 elapsed_ms=1322.610
INFO:     request_id=f9918f41f8544447a601f0b0a74397cc method=GET path=/search status=200 elapsed_ms=1444.924
INFO:     request_id=d8e03aaa898a4945acb5c860a4d3cd18 method=GET path=/search status=200 elapsed_ms=924.619
INFO:     request_id=f4f6e3e9579d4290b649ba6c9ea4357a method=GET path=/search status=200 elapsed_ms=589.065
INFO:     request_id=47921e9b3d4d4802aadd884f88a94212 method=GET path=/search status=200 elapsed_ms=1536.128
INFO:     request_id=da618f3dfa174b1e99b8dcf78d34919d method=GET path=/search status=200 elapsed_ms=1622.219
INFO:     request_id=7d740392d03b452683ce073534d0d4ba method=GET path=/search status=200 elapsed_ms=1291.333
INFO:     request_id=efcceea8e0054504b05405555232638d method=GET path=/search status=200 elapsed_ms=1630.523
INFO:     request_id=deefb60cebd8416db9b0eac965eed24a method=GET path=/search status=200 elapsed_ms=1583.478
INFO:     request_id=085d6bdfe1f6480998540b7072c56614 method=GET path=/search status=200 elapsed_ms=1582.107
INFO:     request_id=d40025a8546f46d3a32f9a3f37c9b87d method=GET path=/search status=200 elapsed_ms=1487.224
INFO:     request_id=725b377e44df42ee99ea72acbd87a7ca method=GET path=/search status=200 elapsed_ms=1699.931
INFO:     request_id=b5dafb0de8c34fd09d65a9b4cc11455c method=GET path=/search status=200 elapsed_ms=1072.165
INFO:     request_id=429a9fdd83e34a16886609e0e4402604 method=GET path=/search status=200 elapsed_ms=1195.196
INFO:     request_id=98c3795b525141dca379b6e5dcb7f41d method=GET path=/search status=200 elapsed_ms=1196.691
INFO:     request_id=bb465d366e2245f0ac9784ef156f8a44 method=GET path=/search status=200 elapsed_ms=1197.078
INFO:     request_id=bbb75d542d2d46c6b4354fee94b15cd3 method=GET path=/search status=200 elapsed_ms=1197.509
INFO:     request_id=f7b0c3d36f134ba2a3efad523f334e29 method=GET path=/search status=200 elapsed_ms=812.856
INFO:     request_id=c3538dcbe496422b90b9a9bc55c397f2 method=GET path=/search status=200 elapsed_ms=1484.936
INFO:     request_id=7660b064eceb41519b5ca32d4533ee19 method=GET path=/search status=200 elapsed_ms=665.199
INFO:     request_id=eaaabb5b728349f3b65be48830d8dd82 method=GET path=/search status=200 elapsed_ms=1174.922
INFO:     request_id=9a13ac3459fc4d01a95933b1a2e7de18 method=GET path=/search status=200 elapsed_ms=1544.823
INFO:     request_id=df94356db372422ca0dd9783eecbbbf3 method=GET path=/search status=200 elapsed_ms=916.492
INFO:     request_id=2df1d12372a94779a63c58beecae1990 method=GET path=/search status=200 elapsed_ms=1026.867
INFO:     request_id=71c44c275d384c3fa80a0a6f4b488f04 method=GET path=/search status=200 elapsed_ms=1573.070
INFO:     request_id=93f7048041954ea9a2cc4a0347b3b64f method=GET path=/search status=200 elapsed_ms=1497.698
INFO:     request_id=34119fbe808c48e7a91c740dce916893 method=GET path=/search status=200 elapsed_ms=1866.679
INFO:     request_id=75faf5bb941d4bd5bf97257765f7feb7 method=GET path=/search status=200 elapsed_ms=681.097
INFO:     request_id=f1bf3813e4c747f6b8228ab6b5a06c39 method=GET path=/search status=200 elapsed_ms=1481.146
INFO:     request_id=01900a8161794355ae56813e94e8efbc method=GET path=/search status=200 elapsed_ms=1549.123
INFO:     request_id=ac37f5c910bf4e2bb8a6f876ad0c5e9b method=GET path=/search status=200 elapsed_ms=1423.193
INFO:     request_id=ea01b3ef2c0d499f821cb0251331ddea method=GET path=/search status=200 elapsed_ms=1346.004
INFO:     request_id=1ed1bb05e363444e9154aaccd928652e method=GET path=/search status=200 elapsed_ms=1942.410
INFO:     request_id=827ab03c70624b0d824a87abd0c91011 method=GET path=/search status=200 elapsed_ms=1943.281
INFO:     request_id=9f3a14b01f5d47378587b85c721323a7 method=GET path=/search status=200 elapsed_ms=992.286
INFO:     request_id=fd45b29df8864e5c936d421756a5d2c0 method=GET path=/search status=200 elapsed_ms=1301.845
INFO:     request_id=86176605d285453589b3ca62bc3af69f method=GET path=/search status=200 elapsed_ms=722.609
INFO:     request_id=4f29444394104767bbc61c86f09eb60b method=GET path=/search status=200 elapsed_ms=1121.354
INFO:     request_id=d0797cc2f4be4e4d8a2c050dfc2c3724 method=GET path=/search status=200 elapsed_ms=235.469
INFO:     request_id=330081fe458043a0b37c0d39f021ed4e method=GET path=/search status=200 elapsed_ms=718.454
INFO:     request_id=f27ce514678742de93e767abc5894b4e method=GET path=/search status=200 elapsed_ms=1384.640
INFO:     request_id=bb95ede29d8745cb97a375f538f7f16c method=GET path=/search status=200 elapsed_ms=1075.718
INFO:     request_id=a3e00819841b4fed91f8dfcf75c87e73 method=GET path=/search status=200 elapsed_ms=862.610
INFO:     request_id=ce284511de5147ddb977c7a8f75571da method=GET path=/search status=200 elapsed_ms=1077.297
INFO:     request_id=b9b053285bfa49428a8cb33ef4cda5ac method=GET path=/search status=200 elapsed_ms=593.192
INFO:     request_id=a366244d75ea4e7488e12113ed07b6a0 method=GET path=/search status=200 elapsed_ms=641.192
INFO:     request_id=8efdfc691f584df7b881c26af4383703 method=GET path=/search status=200 elapsed_ms=1594.101
INFO:     request_id=cb4a6fd9d39341e7b98b3c498b372b1e method=GET path=/search status=200 elapsed_ms=944.405
INFO:     request_id=28d421e16ef54e5f995cb111dd4a5c36 method=GET path=/search status=200 elapsed_ms=1336.384
INFO:     request_id=f7bfb3bbec4d4de39f87634f740f6d74 method=GET path=/search status=200 elapsed_ms=1365.437
INFO:     request_id=0d046e6ebc3c4932b85fd67563e21feb method=GET path=/search status=200 elapsed_ms=1367.106
INFO:     request_id=8335595d91064e13a18812bba0eb9f84 method=GET path=/search status=200 elapsed_ms=1396.785
INFO:     request_id=42f885e892cf4b36bd73a9cadb1d4997 method=GET path=/search status=200 elapsed_ms=2722.408
INFO:     request_id=9a1d8487f8fc49f28be340295e0dcd94 method=GET path=/search status=200 elapsed_ms=2022.494
INFO:     request_id=b8bda022672d434dbd065249dec5ce7f method=GET path=/search status=200 elapsed_ms=1427.578
INFO:     request_id=176c97995d9b4859b08edfbe9a986bca method=GET path=/search status=200 elapsed_ms=1579.060
INFO:     request_id=4871e851d22340f090a0610e6d529932 method=GET path=/search status=200 elapsed_ms=2891.223
INFO:     request_id=7dbc4142cfd04764ba95a9832f7c24c3 method=GET path=/search status=200 elapsed_ms=1959.625
INFO:     request_id=9d3a8b40edda4201a0943a4e040573d2 method=GET path=/search status=200 elapsed_ms=1409.387
INFO:     request_id=ff6d9b58bd5348c9b78b8db1db13dd12 method=GET path=/search status=200 elapsed_ms=1409.712
INFO:     request_id=f44e0a884b57437e8b037cb502942e98 method=GET path=/search status=200 elapsed_ms=1044.830
INFO:     request_id=3155226c0bf04fe2b97b65ed066c4fcb method=GET path=/search status=200 elapsed_ms=1586.996
INFO:     request_id=c51f1069dc4041babdfad34c50791864 method=GET path=/search status=200 elapsed_ms=1484.301
INFO:     request_id=7953eba7728840b0a758557570dc3371 method=GET path=/search status=200 elapsed_ms=1497.797
INFO:     request_id=0362a4fc9b83417eb30f529f971c6974 method=GET path=/search status=200 elapsed_ms=1572.573
INFO:     request_id=6dd8f31bcf2f496391f5cbf4366b1542 method=GET path=/search status=200 elapsed_ms=1021.810
INFO:     request_id=f4039be0256e4428a03956cf861e7440 method=GET path=/search status=200 elapsed_ms=1022.125
INFO:     request_id=171b65df36374d7a8b95c9bba4fd33e6 method=GET path=/search status=200 elapsed_ms=1499.909
INFO:     request_id=2784cc91a86044b5b411e3fc0d90a8a1 method=GET path=/search status=200 elapsed_ms=1023.180
INFO:     request_id=7b08ee9cbcd347109b8687bfb77bc587 method=GET path=/search status=200 elapsed_ms=1024.754
INFO:     request_id=a35eff57768341f992cebc1628b68c69 method=GET path=/search status=200 elapsed_ms=1025.218
INFO:     request_id=5cbb86a007e2428db8047bed8d3ae8e5 method=GET path=/search status=200 elapsed_ms=1186.656
